Job started on gpu1 atSat Aug 15 15:17:27 IST 2026
Python Path: /iitjhome/m25ph1005/chc_fno/env/bin/python
CUDA Available Devices: 0
PyTorch GPU Available: True
Device Name: NVIDIA A100-SXM4-40GB
Starting FNO Training...
[setup] NVIDIA A100-SXM4-40GB, 42.4 GB, torch 2.13.0+cu126
[setup] device=cuda amp=bf16 tf32=True compile=False
[data] reading test.npz (4.90 GB on disk)
[data] train (20, 2990, 64, 64)  val (5, 2990, 64, 64)  float32, 1.22 GB
[data] label identity verified: y[s] == X[s+10], so one model step = 10 frames = 1 of real time
[data] sampling from cuda
[model] physical spectral weights, zero_dc=True, 50,394,241 parameters
[val] l=128 ground truth for seeds [31337, 24601, 8675309]
[gt] solving l=128 seed=31337 off=+0.00 to t=2000 (200,000 steps)
[gt] solving l=128 seed=24601 off=+0.00 to t=2000 (200,000 steps)
[gt] solving l=128 seed=8675309 off=+0.00 to t=2000 (200,000 steps)
epoch   1/200 | unroll  1 | train 0.01801 | val1 0.00947 | lr 2.00e-03 |  64.9s (43 ms/step)
epoch   2/200 | unroll  1 | train 0.01328 | val1 0.01043 | lr 2.00e-03 |  57.7s (38 ms/step)
epoch   3/200 | unroll  1 | train 0.01231 | val1 0.00833 | lr 2.00e-03 |  57.7s (38 ms/step)
epoch   4/200 | unroll  1 | train 0.01263 | val1 0.00963 | lr 2.00e-03 |  57.9s (39 ms/step)
epoch   5/200 | unroll  1 | train 0.01330 | val1 0.00932 | lr 2.00e-03 |  57.8s (39 ms/step) | rollout t=   782 [649, 915, 782] (R2 0.933)  <- best
epoch   6/200 | unroll  1 | train 0.01300 | val1 0.01005 | lr 2.00e-03 |  57.8s (39 ms/step)
epoch   7/200 | unroll  1 | train 0.01615 | val1 0.01654 | lr 1.99e-03 |  57.1s (38 ms/step)
epoch   8/200 | unroll  1 | train 0.01400 | val1 0.00966 | lr 1.99e-03 |  57.5s (38 ms/step)
epoch   9/200 | unroll  1 | train 0.01355 | val1 0.01198 | lr 1.99e-03 |  57.8s (39 ms/step)
epoch  10/200 | unroll  1 | train 0.01489 | val1 0.00993 | lr 1.99e-03 |  57.8s (39 ms/step) | rollout t=   825 [784, 830, 860] (R2 0.917)  <- best
epoch  11/200 | unroll  1 | train 0.01458 | val1 0.01014 | lr 1.99e-03 |  57.9s (39 ms/step)
epoch  12/200 | unroll  1 | train 0.01574 | val1 0.01335 | lr 1.98e-03 |  57.9s (39 ms/step)
epoch  13/200 | unroll  1 | train 0.01379 | val1 0.00867 | lr 1.98e-03 |  57.9s (39 ms/step)
epoch  14/200 | unroll  1 | train 0.01390 | val1 0.00976 | lr 1.98e-03 |  56.7s (38 ms/step)
epoch  15/200 | unroll  1 | train 0.01364 | val1 0.00871 | lr 1.97e-03 |  57.9s (39 ms/step) | rollout t=   675 [673, 701, 651] (R2 0.913)
epoch  16/200 | unroll  1 | train 0.01328 | val1 0.00992 | lr 1.97e-03 |  57.8s (39 ms/step)
epoch  17/200 | unroll  1 | train 0.01393 | val1 0.01173 | lr 1.96e-03 |  57.8s (39 ms/step)
epoch  18/200 | unroll  1 | train 0.01462 | val1 0.00935 | lr 1.96e-03 |  58.0s (39 ms/step)
epoch  19/200 | unroll  1 | train 0.01457 | val1 0.01224 | lr 1.96e-03 |  58.0s (39 ms/step)
epoch  20/200 | unroll  1 | train 0.01481 | val1 0.01086 | lr 1.95e-03 |  57.9s (39 ms/step) | rollout t=  1121 [1263, 906, 1195] (R2 0.907)  <- best
epoch  21/200 | unroll  1 | train 0.01436 | val1 0.01049 | lr 1.95e-03 |  57.1s (38 ms/step)
epoch  22/200 | unroll  1 | train 0.01493 | val1 0.01005 | lr 1.94e-03 |  57.9s (39 ms/step)
epoch  23/200 | unroll  1 | train 0.01490 | val1 0.01097 | lr 1.94e-03 |  58.0s (39 ms/step)
epoch  24/200 | unroll  1 | train 0.01474 | val1 0.00924 | lr 1.93e-03 |  57.9s (39 ms/step)
epoch  25/200 | unroll  1 | train 0.01570 | val1 0.01110 | lr 1.92e-03 |  57.9s (39 ms/step) | rollout t=   732 [861, 726, 609] (R2 0.909)
epoch  26/200 | unroll  1 | train 0.01514 | val1 0.01182 | lr 1.92e-03 |  57.9s (39 ms/step)
epoch  27/200 | unroll  1 | train 0.01486 | val1 0.01066 | lr 1.91e-03 |  56.8s (38 ms/step)
epoch  28/200 | unroll  1 | train 0.01447 | val1 0.01205 | lr 1.91e-03 |  57.7s (38 ms/step)
epoch  29/200 | unroll  1 | train 0.01422 | val1 0.00919 | lr 1.90e-03 |  57.7s (38 ms/step)
epoch  30/200 | unroll  1 | train 0.01428 | val1 0.00874 | lr 1.89e-03 |  57.8s (39 ms/step) | rollout t=  1823 [1524, 2000, 1946] (R2 0.907)  <- best
epoch  31/200 | unroll  1 | train 0.01391 | val1 0.01044 | lr 1.88e-03 |  57.8s (39 ms/step)
epoch  32/200 | unroll  1 | train 0.01429 | val1 0.00972 | lr 1.88e-03 |  57.8s (39 ms/step)
epoch  33/200 | unroll  1 | train 0.01469 | val1 0.01286 | lr 1.87e-03 |  57.6s (38 ms/step)
epoch  34/200 | unroll  1 | train 0.01420 | val1 0.00982 | lr 1.86e-03 |  57.0s (38 ms/step)
epoch  35/200 | unroll  1 | train 0.01448 | val1 0.00956 | lr 1.85e-03 |  57.8s (39 ms/step) | rollout t=  1531 [1217, 1377, 2000] (R2 0.917)
epoch  36/200 | unroll  1 | train 0.01453 | val1 0.00996 | lr 1.85e-03 |  57.9s (39 ms/step)
epoch  37/200 | unroll  1 | train 0.01414 | val1 0.01033 | lr 1.84e-03 |  57.8s (39 ms/step)
epoch  38/200 | unroll  1 | train 0.01418 | val1 0.01110 | lr 1.83e-03 |  57.9s (39 ms/step)
epoch  39/200 | unroll  1 | train 0.01473 | val1 0.01270 | lr 1.82e-03 |  57.9s (39 ms/step)
epoch  40/200 | unroll  1 | train 0.01531 | val1 0.01040 | lr 1.81e-03 |  56.7s (38 ms/step) | rollout t=  1395 [1133, 1051, 2000] (R2 0.916)
epoch  41/200 | unroll  2 | train 0.01427 | val1 0.00953 | lr 1.80e-03 |  74.9s (50 ms/step)
epoch  42/200 | unroll  2 | train 0.01429 | val1 0.00887 | lr 1.79e-03 |  74.7s (50 ms/step)
epoch  43/200 | unroll  2 | train 0.01405 | val1 0.01019 | lr 1.78e-03 |  75.3s (50 ms/step)
epoch  44/200 | unroll  2 | train 0.01423 | val1 0.01172 | lr 1.77e-03 |  75.1s (50 ms/step)
epoch  45/200 | unroll  2 | train 0.01405 | val1 0.00935 | lr 1.76e-03 |  74.8s (50 ms/step) | rollout t=  1259 [1289, 1375, 1112] (R2 0.909)
epoch  46/200 | unroll  2 | train 0.01414 | val1 0.01177 | lr 1.75e-03 |  75.5s (50 ms/step)
epoch  47/200 | unroll  2 | train 0.01453 | val1 0.00985 | lr 1.74e-03 |  76.0s (51 ms/step)
epoch  48/200 | unroll  2 | train 0.01390 | val1 0.00995 | lr 1.73e-03 |  74.9s (50 ms/step)
epoch  49/200 | unroll  2 | train 0.01422 | val1 0.00948 | lr 1.72e-03 |  75.3s (50 ms/step)
epoch  50/200 | unroll  2 | train 0.01428 | val1 0.00956 | lr 1.71e-03 |  74.2s (49 ms/step) | rollout t=  1314 [1035, 1481, 1426] (R2 0.906)
epoch  51/200 | unroll  2 | train 0.01417 | val1 0.00915 | lr 1.70e-03 |  75.3s (50 ms/step)
epoch  52/200 | unroll  2 | train 0.01430 | val1 0.00958 | lr 1.69e-03 |  75.6s (50 ms/step)
epoch  53/200 | unroll  2 | train 0.01433 | val1 0.01403 | lr 1.68e-03 |  75.1s (50 ms/step)
epoch  54/200 | unroll  2 | train 0.01356 | val1 0.01083 | lr 1.66e-03 |  75.3s (50 ms/step)
epoch  55/200 | unroll  2 | train 0.01358 | val1 0.01002 | lr 1.65e-03 |  73.7s (49 ms/step) | rollout t=  1527 [1315, 1637, 1630] (R2 0.901)
epoch  56/200 | unroll  2 | train 0.01345 | val1 0.00989 | lr 1.64e-03 |  75.3s (50 ms/step)
epoch  57/200 | unroll  2 | train 0.01429 | val1 0.01239 | lr 1.63e-03 |  72.3s (48 ms/step)
epoch  58/200 | unroll  2 | train 0.01411 | val1 0.01035 | lr 1.62e-03 |  71.8s (48 ms/step)
epoch  59/200 | unroll  2 | train 0.01414 | val1 0.00895 | lr 1.60e-03 |  71.6s (48 ms/step)
epoch  60/200 | unroll  2 | train 0.01373 | val1 0.00927 | lr 1.59e-03 |  71.8s (48 ms/step) | rollout t=  1468 [1041, 1364, 2000] (R2 0.913)
epoch  61/200 | unroll  2 | train 0.01410 | val1 0.00967 | lr 1.58e-03 |  72.2s (48 ms/step)
epoch  62/200 | unroll  2 | train 0.01475 | val1 0.00873 | lr 1.57e-03 |  71.6s (48 ms/step)
epoch  63/200 | unroll  2 | train 0.01395 | val1 0.00924 | lr 1.55e-03 |  72.1s (48 ms/step)
epoch  64/200 | unroll  2 | train 0.01394 | val1 0.01085 | lr 1.54e-03 |  71.9s (48 ms/step)
epoch  65/200 | unroll  2 | train 0.01381 | val1 0.01111 | lr 1.53e-03 |  71.5s (48 ms/step) | rollout t=   895 [877, 974, 835] (R2 0.917)
epoch  66/200 | unroll  2 | train 1.02471 | val1 0.00980 | lr 1.51e-03 |  72.6s (48 ms/step)
epoch  67/200 | unroll  2 | train 0.01437 | val1 0.00834 | lr 1.50e-03 |  72.7s (48 ms/step)
epoch  68/200 | unroll  2 | train 0.01387 | val1 0.00963 | lr 1.49e-03 |  72.0s (48 ms/step)
epoch  69/200 | unroll  2 | train 0.01519 | val1 0.00848 | lr 1.47e-03 |  71.6s (48 ms/step)
epoch  70/200 | unroll  2 | train 0.01355 | val1 0.00836 | lr 1.46e-03 |  72.5s (48 ms/step) | rollout t=  1646 [937, 2000, 2000] (R2 0.915)
epoch  71/200 | unroll  2 | train 0.01386 | val1 0.00882 | lr 1.45e-03 |  71.4s (48 ms/step)
epoch  72/200 | unroll  2 | train 0.01402 | val1 0.00832 | lr 1.43e-03 |  72.4s (48 ms/step)
epoch  73/200 | unroll  2 | train 0.01394 | val1 0.00917 | lr 1.42e-03 |  71.6s (48 ms/step)
epoch  74/200 | unroll  2 | train 0.01411 | val1 0.00916 | lr 1.40e-03 |  71.9s (48 ms/step)
epoch  75/200 | unroll  2 | train 0.01414 | val1 0.01003 | lr 1.39e-03 |  72.0s (48 ms/step) | rollout t=  1508 [762, 2000, 1762] (R2 0.906)
epoch  76/200 | unroll  2 | train 0.01410 | val1 0.00969 | lr 1.37e-03 |  72.2s (48 ms/step)
epoch  77/200 | unroll  2 | train 0.01384 | val1 0.00858 | lr 1.36e-03 |  71.5s (48 ms/step)
epoch  78/200 | unroll  2 | train 0.01417 | val1 0.00906 | lr 1.35e-03 |  71.9s (48 ms/step)
epoch  79/200 | unroll  2 | train 0.01361 | val1 0.01029 | lr 1.33e-03 |  72.1s (48 ms/step)
epoch  80/200 | unroll  2 | train 0.01320 | val1 0.00923 | lr 1.32e-03 |  71.6s (48 ms/step) | rollout t=  1629 [1197, 1774, 1917] (R2 0.924)
epoch  81/200 | unroll  4 | train 0.01355 | val1 0.00816 | lr 1.30e-03 |  87.7s (58 ms/step)
epoch  82/200 | unroll  4 | train 0.01351 | val1 0.00844 | lr 1.29e-03 |  88.1s (59 ms/step)
epoch  83/200 | unroll  4 | train 0.01302 | val1 0.01070 | lr 1.27e-03 |  87.2s (58 ms/step)
epoch  84/200 | unroll  4 | train 0.01293 | val1 0.00910 | lr 1.26e-03 |  87.7s (58 ms/step)
epoch  85/200 | unroll  4 | train 0.01364 | val1 0.00742 | lr 1.24e-03 |  87.5s (58 ms/step) | rollout t=  1629 [1297, 1589, 2000] (R2 0.920)
epoch  86/200 | unroll  4 | train 0.01330 | val1 0.00739 | lr 1.23e-03 |  87.0s (58 ms/step)
epoch  87/200 | unroll  4 | train 0.01366 | val1 0.00805 | lr 1.21e-03 |  87.2s (58 ms/step)
epoch  88/200 | unroll  4 | train 0.01314 | val1 0.00669 | lr 1.20e-03 |  88.5s (59 ms/step)
epoch  89/200 | unroll  4 | train 0.01333 | val1 0.00748 | lr 1.18e-03 |  88.8s (59 ms/step)
epoch  90/200 | unroll  4 | train 0.01341 | val1 0.00822 | lr 1.16e-03 |  88.3s (59 ms/step) | rollout t=  1735 [1206, 2000, 2000] (R2 0.930)
epoch  91/200 | unroll  4 | train 0.01495 | val1 0.01062 | lr 1.15e-03 |  87.9s (59 ms/step)
epoch  92/200 | unroll  4 | train 0.01424 | val1 0.00745 | lr 1.13e-03 |  87.3s (58 ms/step)
epoch  93/200 | unroll  4 | train 0.01367 | val1 0.00826 | lr 1.12e-03 |  87.0s (58 ms/step)
epoch  94/200 | unroll  4 | train 0.01297 | val1 0.00688 | lr 1.10e-03 |  87.6s (58 ms/step)
epoch  95/200 | unroll  4 | train 0.01310 | val1 0.00746 | lr 1.09e-03 |  88.2s (59 ms/step) | rollout t=  1777 [1330, 2000, 2000] (R2 0.920)
epoch  96/200 | unroll  4 | train 0.01354 | val1 0.00817 | lr 1.07e-03 |  87.3s (58 ms/step)
epoch  97/200 | unroll  4 | train 0.01297 | val1 0.00846 | lr 1.06e-03 |  87.4s (58 ms/step)
epoch  98/200 | unroll  4 | train 0.01285 | val1 0.00782 | lr 1.04e-03 |  86.8s (58 ms/step)
epoch  99/200 | unroll  4 | train 0.01345 | val1 0.00900 | lr 1.03e-03 |  87.9s (59 ms/step)
epoch 100/200 | unroll  4 | train 0.01281 | val1 0.00874 | lr 1.01e-03 |  88.2s (59 ms/step) | rollout t=  1692 [1076, 2000, 2000] (R2 0.917)
epoch 101/200 | unroll  4 | train 0.01296 | val1 0.00818 | lr 9.94e-04 |  87.9s (59 ms/step)
epoch 102/200 | unroll  4 | train 0.01366 | val1 0.00742 | lr 9.79e-04 |  87.9s (59 ms/step)
epoch 103/200 | unroll  4 | train 0.01311 | val1 0.00918 | lr 9.63e-04 |  87.8s (59 ms/step)
epoch 104/200 | unroll  4 | train 0.01251 | val1 0.00727 | lr 9.48e-04 |  88.3s (59 ms/step)
epoch 105/200 | unroll  4 | train 0.01357 | val1 0.00769 | lr 9.32e-04 |  87.7s (58 ms/step) | rollout t=  1486 [1371, 1292, 1795] (R2 0.894)
epoch 106/200 | unroll  4 | train 0.01309 | val1 0.00739 | lr 9.17e-04 |  88.0s (59 ms/step)
epoch 107/200 | unroll  4 | train 0.01343 | val1 0.00716 | lr 9.01e-04 |  88.0s (59 ms/step)
epoch 108/200 | unroll  4 | train 0.01256 | val1 0.00674 | lr 8.86e-04 |  88.3s (59 ms/step)
epoch 109/200 | unroll  4 | train 0.01246 | val1 0.00688 | lr 8.71e-04 |  87.1s (58 ms/step)
epoch 110/200 | unroll  4 | train 0.01304 | val1 0.00640 | lr 8.55e-04 |  86.3s (58 ms/step) | rollout t=  1622 [1219, 1648, 2000] (R2 0.921)
epoch 111/200 | unroll  4 | train 0.01315 | val1 0.00792 | lr 8.40e-04 |  87.7s (58 ms/step)
epoch 112/200 | unroll  4 | train 0.01287 | val1 0.00740 | lr 8.24e-04 |  87.7s (58 ms/step)
epoch 113/200 | unroll  4 | train 0.01220 | val1 0.00718 | lr 8.09e-04 |  88.2s (59 ms/step)
epoch 114/200 | unroll  4 | train 0.01214 | val1 0.00573 | lr 7.94e-04 |  87.8s (59 ms/step)
epoch 115/200 | unroll  4 | train 0.01175 | val1 0.00871 | lr 7.79e-04 |  87.9s (59 ms/step) | rollout t=  1418 [1075, 1347, 1832] (R2 0.887)
epoch 116/200 | unroll  4 | train 0.01168 | val1 0.00415 | lr 7.64e-04 |  88.5s (59 ms/step)
epoch 117/200 | unroll  4 | train 0.01165 | val1 0.00558 | lr 7.49e-04 |  88.5s (59 ms/step)
epoch 118/200 | unroll  4 | train 0.01199 | val1 0.00617 | lr 7.34e-04 |  87.0s (58 ms/step)
epoch 119/200 | unroll  4 | train 0.01128 | val1 0.00454 | lr 7.19e-04 |  87.8s (59 ms/step)
epoch 120/200 | unroll  4 | train 0.01152 | val1 0.00465 | lr 7.04e-04 |  87.1s (58 ms/step) | rollout t=  1855 [1564, 2000, 2000] (R2 0.920)  <- best
epoch 121/200 | unroll  8 | train 0.01336 | val1 0.00468 | lr 6.89e-04 | 110.6s (74 ms/step)
epoch 122/200 | unroll  8 | train 0.01331 | val1 0.00579 | lr 6.75e-04 | 110.4s (74 ms/step)
epoch 123/200 | unroll  8 | train 0.01363 | val1 0.00611 | lr 6.60e-04 | 110.7s (74 ms/step)
epoch 124/200 | unroll  8 | train 0.01355 | val1 0.00625 | lr 6.46e-04 | 111.2s (74 ms/step)
epoch 125/200 | unroll  8 | train 0.01411 | val1 0.00587 | lr 6.31e-04 | 110.0s (73 ms/step) | rollout t=  1868 [1633, 2000, 1972] (R2 0.910)  <- best
epoch 126/200 | unroll  8 | train 0.01325 | val1 0.00552 | lr 6.17e-04 | 110.1s (73 ms/step)
epoch 127/200 | unroll  8 | train 0.01401 | val1 0.00441 | lr 6.03e-04 | 110.6s (74 ms/step)
epoch 128/200 | unroll  8 | train 0.01271 | val1 0.00578 | lr 5.88e-04 | 108.7s (72 ms/step)
epoch 129/200 | unroll  8 | train 0.01284 | val1 0.00563 | lr 5.74e-04 | 110.2s (73 ms/step)
epoch 130/200 | unroll  8 | train 0.01253 | val1 0.00509 | lr 5.61e-04 | 109.6s (73 ms/step) | rollout t=  1748 [1244, 2000, 2000] (R2 0.921)
epoch 131/200 | unroll  8 | train 0.01294 | val1 0.00554 | lr 5.47e-04 | 110.1s (73 ms/step)
epoch 132/200 | unroll  8 | train 0.01354 | val1 0.00498 | lr 5.33e-04 | 110.5s (74 ms/step)
epoch 133/200 | unroll  8 | train 0.01254 | val1 0.00559 | lr 5.19e-04 | 110.4s (74 ms/step)
epoch 134/200 | unroll  8 | train 0.01265 | val1 0.00611 | lr 5.06e-04 | 109.4s (73 ms/step)
epoch 135/200 | unroll  8 | train 0.01221 | val1 0.00560 | lr 4.93e-04 | 110.4s (74 ms/step) | rollout t=  1936 [1808, 2000, 2000] (R2 0.920)  <- best
epoch 136/200 | unroll  8 | train 0.01264 | val1 0.00461 | lr 4.80e-04 | 111.4s (74 ms/step)
epoch 137/200 | unroll  8 | train 0.01343 | val1 0.00632 | lr 4.66e-04 | 110.2s (73 ms/step)
epoch 138/200 | unroll  8 | train 0.01468 | val1 0.00514 | lr 4.54e-04 | 109.8s (73 ms/step)
epoch 139/200 | unroll  8 | train 0.01411 | val1 0.00558 | lr 4.41e-04 | 111.2s (74 ms/step)
epoch 140/200 | unroll  8 | train 0.01388 | val1 0.00594 | lr 4.28e-04 | 110.6s (74 ms/step) | rollout t=  1798 [1393, 2000, 2000] (R2 0.922)
epoch 141/200 | unroll  8 | train 0.01341 | val1 0.00615 | lr 4.16e-04 | 110.2s (73 ms/step)
epoch 142/200 | unroll  8 | train 0.01544 | val1 0.00532 | lr 4.03e-04 | 111.0s (74 ms/step)
epoch 143/200 | unroll  8 | train 0.01587 | val1 0.00909 | lr 3.91e-04 | 110.6s (74 ms/step)
epoch 144/200 | unroll  8 | train 0.01448 | val1 0.00828 | lr 3.79e-04 | 110.3s (74 ms/step)
epoch 145/200 | unroll  8 | train 0.01310 | val1 0.00574 | lr 3.67e-04 | 110.0s (73 ms/step) | rollout t=  1952 [1855, 2000, 2000] (R2 0.915)  <- best
epoch 146/200 | unroll  8 | train 0.01372 | val1 0.00544 | lr 3.55e-04 | 109.6s (73 ms/step)
epoch 147/200 | unroll  8 | train 0.01310 | val1 0.00628 | lr 3.44e-04 | 110.0s (73 ms/step)
epoch 148/200 | unroll  8 | train 0.01456 | val1 0.00676 | lr 3.32e-04 | 109.8s (73 ms/step)
epoch 149/200 | unroll  8 | train 0.01423 | val1 0.00711 | lr 3.21e-04 | 111.2s (74 ms/step)
epoch 150/200 | unroll  8 | train 0.01438 | val1 0.00804 | lr 3.10e-04 | 110.4s (74 ms/step) | rollout t=  1512 [1087, 1448, 2000] (R2 0.930)
epoch 151/200 | unroll  8 | train 0.01389 | val1 0.00776 | lr 2.99e-04 | 109.7s (73 ms/step)
epoch 152/200 | unroll  8 | train 0.01463 | val1 0.00687 | lr 2.88e-04 | 111.3s (74 ms/step)
epoch 153/200 | unroll  8 | train 0.01357 | val1 0.00838 | lr 2.78e-04 | 110.1s (73 ms/step)
epoch 154/200 | unroll  8 | train 0.01393 | val1 0.00795 | lr 2.67e-04 | 109.8s (73 ms/step)
epoch 155/200 | unroll  8 | train 0.01434 | val1 0.00649 | lr 2.57e-04 | 111.4s (74 ms/step) | rollout t=  1478 [1201, 1233, 2000] (R2 0.930)
epoch 156/200 | unroll  8 | train 0.01391 | val1 0.00725 | lr 2.47e-04 | 111.3s (74 ms/step)
epoch 157/200 | unroll  8 | train 0.01398 | val1 0.00771 | lr 2.37e-04 | 110.5s (74 ms/step)
epoch 158/200 | unroll  8 | train 0.01485 | val1 0.00714 | lr 2.28e-04 | 110.9s (74 ms/step)
epoch 159/200 | unroll  8 | train 0.01479 | val1 0.00678 | lr 2.18e-04 | 110.5s (74 ms/step)
epoch 160/200 | unroll  8 | train 0.01444 | val1 0.00685 | lr 2.09e-04 | 110.6s (74 ms/step) | rollout t=  1457 [1154, 1218, 2000] (R2 0.929)
epoch 161/200 | unroll 16 | train 0.01854 | val1 0.00726 | lr 2.00e-04 | 152.6s (102 ms/step)
epoch 162/200 | unroll 16 | train 0.01919 | val1 0.00748 | lr 1.91e-04 | 153.5s (102 ms/step)
epoch 163/200 | unroll 16 | train 0.01840 | val1 0.00772 | lr 1.83e-04 | 154.2s (103 ms/step)
epoch 164/200 | unroll 16 | train 0.01853 | val1 0.00732 | lr 1.74e-04 | 153.0s (102 ms/step)
epoch 165/200 | unroll 16 | train 0.01777 | val1 0.00761 | lr 1.66e-04 | 152.2s (101 ms/step) | rollout t=  1596 [1067, 2000, 1721] (R2 0.914)
epoch 166/200 | unroll 16 | train 0.01777 | val1 0.00751 | lr 1.58e-04 | 152.7s (102 ms/step)
epoch 167/200 | unroll 16 | train 0.01665 | val1 0.00759 | lr 1.50e-04 | 152.7s (102 ms/step)
epoch 168/200 | unroll 16 | train 0.01777 | val1 0.00741 | lr 1.42e-04 | 152.6s (102 ms/step)
epoch 169/200 | unroll 16 | train 0.01781 | val1 0.00679 | lr 1.35e-04 | 153.0s (102 ms/step)
epoch 170/200 | unroll 16 | train 0.01722 | val1 0.00708 | lr 1.28e-04 | 152.7s (102 ms/step) | rollout t=  1579 [1525, 2000, 1212] (R2 0.899)
epoch 171/200 | unroll 16 | train 0.01696 | val1 0.00732 | lr 1.21e-04 | 151.8s (101 ms/step)
epoch 172/200 | unroll 16 | train 0.01575 | val1 0.00717 | lr 1.14e-04 | 150.7s (100 ms/step)
epoch 173/200 | unroll 16 | train 0.01719 | val1 0.00727 | lr 1.08e-04 | 151.1s (101 ms/step)
epoch 174/200 | unroll 16 | train 0.01614 | val1 0.00705 | lr 1.01e-04 | 152.0s (101 ms/step)
epoch 175/200 | unroll 16 | train 0.01659 | val1 0.00733 | lr 9.54e-05 | 152.4s (102 ms/step) | rollout t=  1763 [1663, 1626, 2000] (R2 0.915)
epoch 176/200 | unroll 16 | train 0.01573 | val1 0.00730 | lr 8.95e-05 | 150.0s (100 ms/step)
epoch 177/200 | unroll 16 | train 0.01585 | val1 0.00699 | lr 8.39e-05 | 150.6s (100 ms/step)
epoch 178/200 | unroll 16 | train 0.01571 | val1 0.00713 | lr 7.85e-05 | 150.6s (100 ms/step)
epoch 179/200 | unroll 16 | train 0.01532 | val1 0.00700 | lr 7.34e-05 | 152.9s (102 ms/step)
epoch 180/200 | unroll 16 | train 0.01579 | val1 0.00673 | lr 6.85e-05 | 152.0s (101 ms/step) | rollout t=  1525 [1343, 1384, 1847] (R2 0.917)
epoch 181/200 | unroll 16 | train 0.01578 | val1 0.00708 | lr 6.38e-05 | 148.2s (99 ms/step)
epoch 182/200 | unroll 16 | train 0.01588 | val1 0.00785 | lr 5.93e-05 | 152.8s (102 ms/step)
epoch 183/200 | unroll 16 | train 0.01566 | val1 0.00716 | lr 5.51e-05 | 151.5s (101 ms/step)
epoch 184/200 | unroll 16 | train 0.01626 | val1 0.00722 | lr 5.11e-05 | 153.5s (102 ms/step)
epoch 185/200 | unroll 16 | train 0.01614 | val1 0.00673 | lr 4.74e-05 | 150.4s (100 ms/step) | rollout t=  1632 [1456, 1843, 1597] (R2 0.906)
epoch 186/200 | unroll 16 | train 0.01549 | val1 0.00696 | lr 4.38e-05 | 149.7s (100 ms/step)
epoch 187/200 | unroll 16 | train 0.01533 | val1 0.00691 | lr 4.06e-05 | 151.0s (101 ms/step)
epoch 188/200 | unroll 16 | train 0.01548 | val1 0.00715 | lr 3.75e-05 | 153.9s (103 ms/step)
epoch 189/200 | unroll 16 | train 0.01522 | val1 0.00692 | lr 3.47e-05 | 151.2s (101 ms/step)
epoch 190/200 | unroll 16 | train 0.01490 | val1 0.00763 | lr 3.22e-05 | 151.3s (101 ms/step) | rollout t=  1438 [1115, 1199, 2000] (R2 0.925)
epoch 191/200 | unroll 16 | train 0.01540 | val1 0.00709 | lr 2.99e-05 | 153.3s (102 ms/step)
epoch 192/200 | unroll 16 | train 0.01486 | val1 0.00703 | lr 2.78e-05 | 151.5s (101 ms/step)
epoch 193/200 | unroll 16 | train 0.01468 | val1 0.00709 | lr 2.60e-05 | 152.7s (102 ms/step)
epoch 194/200 | unroll 16 | train 0.01471 | val1 0.00717 | lr 2.44e-05 | 152.2s (101 ms/step)
epoch 195/200 | unroll 16 | train 0.01464 | val1 0.00727 | lr 2.31e-05 | 150.6s (100 ms/step) | rollout t=  1552 [1283, 1372, 2000] (R2 0.924)
epoch 196/200 | unroll 16 | train 0.01473 | val1 0.00700 | lr 2.20e-05 | 153.4s (102 ms/step)
epoch 197/200 | unroll 16 | train 0.01486 | val1 0.00702 | lr 2.11e-05 | 151.3s (101 ms/step)
epoch 198/200 | unroll 16 | train 0.01507 | val1 0.00776 | lr 2.05e-05 | 153.7s (102 ms/step)
epoch 199/200 | unroll 16 | train 0.01494 | val1 0.00746 | lr 2.01e-05 | 152.4s (102 ms/step)
epoch 200/200 | unroll 16 | train 0.01537 | val1 0.00691 | lr 2.00e-05 | 149.8s (100 ms/step) | rollout t=  1475 [1167, 1258, 2000] (R2 0.928)
[mem] peak allocated 4.27 GB
[done] best mean rollout survived to t = 1952 (epoch 145); model saved to fno_ch.pt
Job finished at Sat Aug 15 20:57:42 IST 2026
