Job started on gpu1 atSat Aug 15 21:29:24 IST 2026
Python Path: /iitjhome/m25ph1005/chc_fno/env/bin/python
CUDA Available Devices: 0
PyTorch GPU Available: True
Device Name: NVIDIA A100-SXM4-40GB
Starting Evolution...
[model] fno_ch.pt  (50,394,241 parameters, mode_scaling=physical, zero_dc=True)
[model] selected at epoch 145 (validation rollout to t=1952)

[seed 99999] l=128, off=+0.0
[gt] solving l=128 seed=99999 off=+0.00 to t=2000 (200,000 steps)
    t =   300.0 | R2 =  0.9747
    t =   500.0 | R2 =  0.9452
    t =   700.0 | R2 =  0.9355
    t =   900.0 | R2 =  0.9306
    t =  1100.0 | R2 =  0.9228
    t =  1300.0 | R2 =  0.9104
    t =  1500.0 | R2 =  0.8950
    t =  1700.0 | R2 =  0.8794
    t =  1900.0 | R2 =  0.8642
  -> held R2 >= 0.8 through t = 2000; 1900 steps above threshold, mean R2 = 0.9216

[seed 54321] l=128, off=+0.0
[gt] solving l=128 seed=54321 off=+0.00 to t=2000 (200,000 steps)
    t =   300.0 | R2 =  0.9647
    t =   500.0 | R2 =  0.9196
    t =   700.0 | R2 =  0.8827
    t =   900.0 | R2 =  0.8454
    t =  1100.0 | R2 =  0.8022
  -> R2 first fell below 0.8 at t = 1107; 1006 steps above threshold, mean R2 = 0.9025

[seed 77777] l=128, off=+0.0
[gt] solving l=128 seed=77777 off=+0.00 to t=2000 (200,000 steps)
    t =   300.0 | R2 =  0.9938
    t =   500.0 | R2 =  0.9878
    t =   700.0 | R2 =  0.9837
    t =   900.0 | R2 =  0.9825
    t =  1100.0 | R2 =  0.9808
    t =  1300.0 | R2 =  0.9763
    t =  1500.0 | R2 =  0.9653
    t =  1700.0 | R2 =  0.9380
    t =  1900.0 | R2 =  0.9145
  -> held R2 >= 0.8 through t = 2000; 1900 steps above threshold, mean R2 = 0.9706
[saved] results/fno_ch_r2_and_snapshots.png
[saved] results/fno_ch_kinetics.png

========================================================================
  seed 99999: R2 >= 0.8 until t = 2000  (1900 steps), mean R2 = 0.9216, growth exponent 0.311 (truth 0.318)
  seed 54321: R2 >= 0.8 until t = 1107  (1006 steps), mean R2 = 0.9025, growth exponent 0.318 (truth 0.306)
  seed 77777: R2 >= 0.8 until t = 2000  (1900 steps), mean R2 = 0.9706, growth exponent 0.288 (truth 0.299)
========================================================================
Job finished at Sat Aug 15 21:32:38 IST 2026
